[www.7h34.fr/index.html]
[backblue.gif]
[fade.gif]
[index.html]
[www.7h34.fr/apple-touch-icon.png]
[www.7h34.fr/favicon-32x32.png]
[www.7h34.fr/favicon-16x16.png]
[www.7h34.fr/manifest.json]
[www.7h34.fr/safari-pinned-tab.svg]
[www.7h34.fr/wp-content/themes/7h34/dist/js/min/feature.min.js]
[www.7h34.fr/wp-content/themes/7h34/dist/css/min/global.min.css]
[www.google-analytics.com/analytics.js]
[www.7h34.fr/wp-content/themes/7h34/img/svg/icons.svg]
[www.7h34.fr/projets/feed/index.html]
[www.7h34.fr/index.html]
[www.7h34.fr/wp-content/themes/7h34/dist/js/min/global.min.js]
[www.7h34.fr/safari-pinned-tab.svg]
[www.7h34.fr/studio/index.html]
[www.7h34.fr/projets/maison-grimaud/index.html]
[www.7h34.fr/projets/aquarium-la-rochelle/index.html]
[www.7h34.fr/projets/neoh-design/index.html]
[www.7h34.fr/projets/les-rapporteuses/index.html]
[www.7h34.fr/wp-content/themes/7h34/fonts/atlasgrotesk-light.eot]
[www.7h34.fr/projets/optique-ste-therese/index.html]
[www.7h34.fr/projets/lmp-musique/index.html]
[www.7h34.fr/projets/hodebert/index.html]
[www.7h34.fr/projets/illustration-3d/index.html]
[www.7h34.fr/wp-content/themes/7h34/fonts/atlasgrotesk-lightd41d.eot]
[www.7h34.fr/wp-content/themes/7h34/fonts/atlasgrotesk-light.woff]
[www.7h34.fr/wp-content/themes/7h34/fonts/atlasgrotesk-light.ttf]
[www.7h34.fr/projets/maga-communication/index.html]
[www.7h34.fr/projets/tb-selection/index.html]
[www.7h34.fr/projets/lejeune/index.html]
[www.7h34.fr/projets/bellamy-avocats/index.html]
[www.7h34.fr/wp-content/themes/7h34/fonts/atlasgrotesk-light.svg]
[www.7h34.fr/wp-content/themes/7h34/fonts/atlasgrotesk-medium.eot]
[www.7h34.fr/wp-content/themes/7h34/fonts/atlasgrotesk-mediumd41d.eot]
[www.7h34.fr/wp-content/themes/7h34/fonts/atlasgrotesk-medium.woff]
[www.7h34.fr/wp-content/themes/7h34/fonts/atlasgrotesk-medium.ttf]
[www.7h34.fr/wp-content/themes/7h34/fonts/atlasgrotesk-medium.svg]
[www.7h34.fr/wp-content/themes/7h34/fonts/apercu_regular-webfont.eot]
[www.7h34.fr/wp-content/themes/7h34/fonts/apercu_regular-webfontd41d.eot]
[www.7h34.fr/wp-content/themes/7h34/fonts/apercu_regular-webfont.woff]
[www.7h34.fr/wp-content/themes/7h34/fonts/apercu_regular-webfont.ttf]
[www.7h34.fr/wp-content/themes/7h34/fonts/apercu_regular-webfont.svg]
[www.7h34.fr/wp-content/themes/7h34/fonts/apercu_medium-webfont.eot]
[www.7h34.fr/wp-content/themes/7h34/fonts/apercu_medium-webfontd41d.eot]
[www.7h34.fr/wp-content/themes/7h34/fonts/apercu_medium-webfont.woff]
[www.7h34.fr/wp-content/themes/7h34/fonts/apercu_medium-webfont.ttf]
[www.7h34.fr/wp-content/themes/7h34/dist/css/min/global.min.css]
[www.7h34.fr/wp-content/themes/7h34/fonts/apercu_medium-webfont.svg]
[www.7h34.fr/wp-content/uploads/2017/03/Celine-800x533.jpg]
[www.7h34.fr/wp-content/uploads/2017/03/Nico-800x533.jpg]
[www.7h34.fr/studio/index.html]
[www.7h34.fr/wp-content/uploads/2017/02/IkonInterMG-908x1024.jpg]
[www.7h34.fr/wp-content/uploads/2017/02/IkonInterMG.jpg]
[www.7h34.fr/wp-content/uploads/2017/02/Ikon03MG-1-800x1057.jpg]
[www.7h34.fr/wp-content/uploads/2017/02/Ikon04MG-1-800x1057.jpg]
[www.7h34.fr/wp-content/uploads/2017/02/Ikon02MG-1625x1212.jpg]
[www.7h34.fr/wp-content/uploads/2017/02/Ikon05MG-1625x1119.jpg]
[www.7h34.fr/wp-content/uploads/2017/02/Ikon07MG-1625x1084.jpg]
[www.7h34.fr/wp-content/uploads/2017/02/Ikon08MG-1625x1062.jpg]
[www.7h34.fr/wp-content/uploads/2017/02/Ikon09MG-1625x1341.jpg]
[www.7h34.fr/wp-content/uploads/2017/02/Ikon10MG-1-1625x1105.jpg]
[www.7h34.fr/projets/maison-grimaud/index.html]
[www.7h34.fr/wp-content/themes/7h34/img/svg/icons.svg]
[www.7h34.fr/wp-content/uploads/2017/02/IkonInterAqua-908x1024.jpg]
[www.7h34.fr/wp-content/uploads/2017/02/IkonInterAqua.jpg]
[www.7h34.fr/wp-content/uploads/2017/02/PatternFeuille.jpg]
[www.7h34.fr/wp-content/uploads/2017/02/PatternFeuilleSeul.jpg]
[www.7h34.fr/wp-content/uploads/2017/02/AquariumCarte-2-1625x1226.jpg]
[www.7h34.fr/wp-content/uploads/2017/02/PatternPoissons.jpg]
[www.7h34.fr/wp-content/uploads/2017/02/PatternPoissonSeul.jpg]
[www.7h34.fr/wp-content/uploads/2017/02/Logo-1625x1069.jpg]
[www.7h34.fr/wp-content/uploads/2017/02/MenuOk-1625x1069.jpg]
[www.7h34.fr/wp-content/uploads/2017/02/Tablier-1625x1069.jpg]
[www.7h34.fr/projets/aquarium-la-rochelle/index.html]
[www.7h34.fr/wp-content/uploads/2017/02/IkonInterNeoh-1024x717.jpg]
[www.7h34.fr/wp-content/uploads/2017/02/IkonInterNeoh.jpg]
[www.7h34.fr/wp-content/uploads/2017/02/Ikon18Neoh-1625x811.jpg]
[www.7h34.fr/wp-content/uploads/2017/02/Ikon20Neoh-1-1625x811.jpg]
[www.7h34.fr/wp-content/uploads/2017/02/Ikon06Neoh-800x1163.jpg]
[www.7h34.fr/wp-content/uploads/2017/02/Ikon25Neoh-800x1163.jpg]
[www.7h34.fr/wp-content/uploads/2017/02/Ikon19Neoh-1625x811.jpg]
[www.7h34.fr/wp-content/uploads/2017/02/Ikon15Neoh-1-1625x811.jpg]
[www.7h34.fr/wp-content/uploads/2017/02/Ikon23Neoh-1625x811.jpg]
[www.7h34.fr/wp-content/uploads/2017/02/Ikon21Neoh-1-1625x811.jpg]
[www.7h34.fr/wp-content/uploads/2017/02/BusinessCardMockUpNeoh-1625x1207.jpg]
[www.7h34.fr/projets/neoh-design/index.html]
[www.7h34.fr/wp-content/uploads/2017/02/IkonInterRap-615x1024.jpg]
[www.7h34.fr/wp-content/uploads/2017/02/IkonInterRap.jpg]
[www.7h34.fr/wp-content/uploads/2017/02/CDV-LesRapporteuses-1625x1115.jpg]
[www.7h34.fr/projets/les-rapporteuses/_https_/vimeo.com/198200736__https_/vimeo.com/198200736_/a__]
[www.7h34.fr/projets/les-rapporteuses/_https_/vimeo.com/198200736_https_/vimeo.com/198200736/a]
[www.7h34.fr/wp-content/uploads/2017/02/SiteLesRapporteuses.jpg]
[www.7h34.fr/wp-content/uploads/2017/02/SiteLesRapporteusesP2-1.jpg]
[www.7h34.fr/projets/les-rapporteuses/index.html]
[www.7h34.fr/wp-content/uploads/2017/02/IkonInterOST-1024x915.jpg]
[www.7h34.fr/wp-content/uploads/2017/02/IkonInterOST.jpg]
[www.7h34.fr/wp-content/uploads/2017/02/Mockup-Fond-1625x1116.jpg]
[www.7h34.fr/wp-content/uploads/2017/02/PatternLunettesColone.jpg]
[www.7h34.fr/wp-content/uploads/2017/02/SacColone.jpg]
[www.7h34.fr/wp-content/uploads/2017/02/Mockup-Boitier-1625x1027.jpg]
[www.7h34.fr/projets/optique-ste-therese/index.html]
[www.7h34.fr/wp-content/uploads/2017/02/IkonInterHodebert-908x1024.jpg]
[www.7h34.fr/wp-content/uploads/2017/02/IkonInterHodebert.jpg]
[www.7h34.fr/wp-content/uploads/2017/02/Ikon01Hodebert-1-1625x1073.jpg]
[www.7h34.fr/wp-content/uploads/2017/02/Ikon02Hodebert-1625x1073.jpg]
[www.7h34.fr/wp-content/uploads/2017/02/Ikon03Hodebert-1-1625x1073.jpg]
[www.7h34.fr/wp-content/uploads/2017/02/Ikon04Hodebert-1-1625x1073.jpg]
[www.7h34.fr/wp-content/uploads/2017/02/Ikon05Hodebert-1-1625x867.jpg]
[www.7h34.fr/projets/hodebert/index.html]
[www.7h34.fr/wp-content/uploads/2017/02/IkonInterLMP-2-1024x731.jpg]
[www.7h34.fr/wp-content/uploads/2017/02/IkonInterLMP-2.jpg]
[www.7h34.fr/wp-content/uploads/2017/02/CDV-LMP-1625x1128.jpg]
[www.7h34.fr/wp-content/uploads/2017/02/TShirtColone.jpg]
[www.7h34.fr/wp-content/uploads/2017/02/Concert.jpg]
[www.7h34.fr/wp-content/uploads/2017/02/Pass-1-1625x1081.jpg]
[www.7h34.fr/wp-content/uploads/2017/02/2X1A0242-1625x1166.jpg]
[www.7h34.fr/projets/lmp-musique/index.html]
[www.7h34.fr/wp-content/uploads/2017/02/flamandrose_01.jpg]
[www.7h34.fr/wp-content/uploads/2017/02/Closeup-F-800x1200.jpg]
[www.7h34.fr/wp-content/uploads/2017/02/Vue4_0020-800x1200.jpg]
[www.7h34.fr/wp-content/uploads/2017/02/Chariot-1-1625x1097.jpg]
[www.7h34.fr/projets/illustration-3d/_https_/player.vimeo.com/video/206537366ad5d]
[www.7h34.fr/projets/illustration-3d/_https_/player.vimeo.com/video/206537366ad5d]
[www.7h34.fr/wp-content/uploads/2017/02/CoucouFace-1625x2235.jpg]
[www.7h34.fr/wp-content/uploads/2017/02/ZoomHorloge-1625x914.jpg]
[www.7h34.fr/projets/illustration-3d/index.html]
[www.7h34.fr/wp-content/uploads/2017/02/IkonInterMaga3-1-880x1024.jpg]
[www.7h34.fr/wp-content/uploads/2017/02/IkonInterMaga3-1.jpg]
[www.7h34.fr/wp-content/uploads/2017/02/Ikon01Maga-2-1625x1073.jpg]
[www.7h34.fr/wp-content/uploads/2017/02/Ikon06Maga-1-1625x1040.jpg]
[www.7h34.fr/wp-content/uploads/2017/02/Ikon05Maga-1-1625x1040.jpg]
[www.7h34.fr/wp-content/uploads/2017/02/Ikon02Maga-1-1625x1040.jpg]
[www.7h34.fr/wp-content/uploads/2017/02/Ikon04Maga-1-1625x1040.jpg]
[www.7h34.fr/projets/maga-communication/_https_/vimeo.com/208105325__https_/vimeo.com/208105325_/a__]
[www.7h34.fr/projets/maga-communication/_https_/vimeo.com/208105325_https_/vimeo.com/208105325/a]
[www.7h34.fr/wp-content/uploads/2017/02/Maga10ans-800x800.jpg]
[www.7h34.fr/projets/maga-communication/index.html]
[www.7h34.fr/wp-content/uploads/2017/02/IkonInter-TB-1024x683.jpg]
[www.7h34.fr/wp-content/uploads/2017/02/IkonInter-TB.jpg]
[www.7h34.fr/wp-content/uploads/2017/02/2X1A0139-1-1625x1083.jpg]
[www.7h34.fr/wp-content/uploads/2017/02/CaisseTB.jpg]
[www.7h34.fr/wp-content/uploads/2017/02/VerreTB.jpg]
[www.7h34.fr/wp-content/uploads/2017/02/CarteDeVisiteVerso-1625x1115.jpg]
[www.7h34.fr/wp-content/uploads/2017/02/ZoomTB-1625x1077.jpg]
[www.7h34.fr/wp-content/uploads/2017/02/Zoom3Bouteilles-1625x1051.jpg]
[www.7h34.fr/projets/tb-selection/index.html]
[www.7h34.fr/wp-content/uploads/2017/02/IkonInterMaga2-908x1024.jpg]
[www.7h34.fr/wp-content/uploads/2017/02/IkonInterMaga2.jpg]
[www.7h34.fr/wp-content/uploads/2017/02/Logo2.JPG-1625x1120.jpg]
[www.7h34.fr/wp-content/uploads/2017/02/Sac-1.jpg]
[www.7h34.fr/wp-content/uploads/2017/02/Sign_2-1625x1107.jpg]
[www.7h34.fr/wp-content/uploads/2017/02/Card-Envelope-MockUp-1625x1067.jpg]
[www.7h34.fr/wp-content/uploads/2017/02/Paper-Tube-Mockup-1-1625x1219.jpg]
[www.7h34.fr/projets/lejeune/index.html]
[www.7h34.fr/wp-content/uploads/2017/02/IkonInterBellamy-1-908x1024.jpg]
[www.7h34.fr/wp-content/uploads/2017/02/IkonInterBellamy-1.jpg]
[www.7h34.fr/wp-content/uploads/2017/02/FdMockupStudio-2-1625x1071.jpg]
[www.7h34.fr/wp-content/uploads/2017/02/Ikon06DS-1-800x1006.jpg]
[www.7h34.fr/wp-content/uploads/2017/02/Ikon07DS-1-800x1006.jpg]
[www.7h34.fr/wp-content/uploads/2017/02/Ikon03DS-1625x1117.jpg]
[www.7h34.fr/wp-content/uploads/2017/02/Ikon02DS-1-1625x975.jpg]
[www.7h34.fr/wp-content/uploads/2017/02/Ikon04DS-1625x1093.jpg]
[www.7h34.fr/projets/bellamy-avocats/index.html]
[www.7h34.fr/wp-content/themes/7h34/fonts/atlasgrotesk-light.svg]
[www.7h34.fr/wp-content/themes/7h34/fonts/atlasgrotesk-medium.svg]
[www.7h34.fr/wp-content/themes/7h34/fonts/apercu_regular-webfont.svg]
[www.7h34.fr/wp-content/themes/7h34/fonts/apercu_medium-webfont.svg]
[www.7h34.fr/projets/les-rapporteuses/_https_/vimeo.com/198200736_https_/vimeo.com/198200736/a.html]
[www.7h34.fr/projets/illustration-3d/_https_/player.vimeo.com/video/206537366ad5d.html]
[www.7h34.fr/projets/maga-communication/_https_/vimeo.com/208105325_https_/vimeo.com/208105325/a.html]
